// Jest Snapshot v1, https://goo.gl/fbAQLP

exports[`BootstrapSwitch render - bootstrapped 1`] = `
<View
  style={
    Object {
      "flex": 1,
    }
  }
>
  <Loading />
</View>
`;

exports[`BootstrapSwitch render - loading 1`] = `
<View
  style={
    Object {
      "flex": 1,
    }
  }
>
  <Loading />
</View>
`;
